[E:/网页保存/锻炼/backblue.gif]
[E:/网页保存/锻炼/fade.gif]
[E:/网页保存/锻炼/index.html]
[E:/网页保存/锻炼/passport.weibo.com/visitor/visitor40bd.html]
[E:/网页保存/锻炼/jiba.niu.bi/index.html]
[E:/网页保存/锻炼/jiba.niu.bi/theme.css]
[E:/网页保存/锻炼/passport.weibo.com/visitor/visitor40bd.html]
[E:/网页保存/锻炼/jiba.niu.bi/index-2.html]
[E:/网页保存/锻炼/jiba.niu.bi/images/penisimg/reproduction.gif]
[E:/网页保存/锻炼/jiba.niu.bi/images/penisimg/pcmuscle.jpg]
[E:/网页保存/锻炼/jiba.niu.bi/images/penisimg/hot1.jpg]
[E:/网页保存/锻炼/jiba.niu.bi/images/penisimg/hot2.jpg]
[E:/网页保存/锻炼/jiba.niu.bi/images/penisimg/hold1.jpg]
[E:/网页保存/锻炼/jiba.niu.bi/images/penisimg/hold2.jpg]
[E:/网页保存/锻炼/jiba.niu.bi/chapters/0001.html]
[E:/网页保存/锻炼/jiba.niu.bi/chapters/0002.html]
[E:/网页保存/锻炼/jiba.niu.bi/chapters/0003.html]
[E:/网页保存/锻炼/jiba.niu.bi/chapters/0004.html]
[E:/网页保存/锻炼/jiba.niu.bi/chapters/0005.html]
[E:/网页保存/锻炼/jiba.niu.bi/chapters/0006.html]
[E:/网页保存/锻炼/jiba.niu.bi/chapters/0007.html]
[E:/网页保存/锻炼/jiba.niu.bi/chapters/0008.html]
[E:/网页保存/锻炼/jiba.niu.bi/chapters/0009.html]
[E:/网页保存/锻炼/jiba.niu.bi/images/penisimg/jelq1.gif]
[E:/网页保存/锻炼/jiba.niu.bi/images/penisimg/jelq2.gif]
[E:/网页保存/锻炼/jiba.niu.bi/images/penisimg/jelq3.gif]
[E:/网页保存/锻炼/jiba.niu.bi/images/penisimg/jelq4.gif]
[E:/网页保存/锻炼/jiba.niu.bi/chapters/0010.html]
[E:/网页保存/锻炼/jiba.niu.bi/images/penisimg/lengthadd.jpg]
[E:/网页保存/锻炼/jiba.niu.bi/chapters/0011.html]
[E:/网页保存/锻炼/jiba.niu.bi/chapters/0012.html]
[E:/网页保存/锻炼/jiba.niu.bi/images/penisimg/pc.gif]
[E:/网页保存/锻炼/jiba.niu.bi/chapters/0013.html]
[E:/网页保存/锻炼/jiba.niu.bi/chapters/0014.html]
[E:/网页保存/锻炼/jiba.niu.bi/images/penisimg/testis.jpg]
[E:/网页保存/锻炼/jiba.niu.bi/chapters/0015.html]
[E:/网页保存/锻炼/jiba.niu.bi/chapters/0016.html]
[E:/网页保存/锻炼/jiba.niu.bi/chapters/0017.html]
[E:/网页保存/锻炼/jiba.niu.bi/chapters/0018.html]
[E:/网页保存/锻炼/jiba.niu.bi/chapters/0019.html]
[E:/网页保存/锻炼/jiba.niu.bi/chapters/0020.html]
[E:/网页保存/锻炼/jiba.niu.bi/chapters/0021.html]
[E:/网页保存/锻炼/jiba.niu.bi/chapters/0022.html]
[E:/网页保存/锻炼/jiba.niu.bi/chapters/0023.html]
[E:/网页保存/锻炼/jiba.niu.bi/images/penisimg/table.jpg]
[E:/网页保存/锻炼/jiba.niu.bi/images/penisimg/cir.jpg]
[E:/网页保存/锻炼/jiba.niu.bi/chapters/0024.html]
[E:/网页保存/锻炼/jiba.niu.bi/chapters/0025.html]
[E:/网页保存/锻炼/jiba.niu.bi/chapters/0026.html]
[E:/网页保存/锻炼/jiba.niu.bi/chapters/0027.html]
[E:/网页保存/锻炼/jiba.niu.bi/chapters/0028.html]
[E:/网页保存/锻炼/jiba.niu.bi/chapters/0029.html]
[E:/网页保存/锻炼/jiba.niu.bi/chapters/0030.html]
[E:/网页保存/锻炼/jiba.niu.bi/chapters/0031.html]
[E:/网页保存/锻炼/jiba.niu.bi/chapters/0032.html]
[E:/网页保存/锻炼/jiba.niu.bi/images/penisimg/penis.jpg]
[E:/网页保存/锻炼/jiba.niu.bi/chapters/0033.html]
[E:/网页保存/锻炼/jiba.niu.bi/chapters/0034.html]
[E:/网页保存/锻炼/jiba.niu.bi/chapters/0035.html]
[E:/网页保存/锻炼/jiba.niu.bi/chapters/0036.html]
[E:/网页保存/锻炼/jiba.niu.bi/chapters/0037.html]
[E:/网页保存/锻炼/jiba.niu.bi/chapters/0038.html]
[E:/网页保存/锻炼/jiba.niu.bi/chapters/0039.html]
[E:/网页保存/锻炼/jiba.niu.bi/chapters/0040.html]
[E:/网页保存/锻炼/jiba.niu.bi/chapters/0041.html]
[E:/网页保存/锻炼/jiba.niu.bi/images/penisimg/pcmuscle.gif]
[E:/网页保存/锻炼/jiba.niu.bi/images/penisimg/powerarabicjelq.gif]
[E:/网页保存/锻炼/jiba.niu.bi/images/penisimg/powerpenis.gif]
[E:/网页保存/锻炼/jiba.niu.bi/images/penisimg/penisglans.gif]
[E:/网页保存/锻炼/jiba.niu.bi/images/penisimg/correct.gif]
[E:/网页保存/锻炼/jiba.niu.bi/chapters/0042.html]
[E:/网页保存/锻炼/jiba.niu.bi/chapters/0043.html]
